error: multiple #[nails(query)] definitions
 --> $DIR/from-request-double-queries.rs:7:21
  |
7 |     #[nails(query = "query1renamerename")]
  |                     ^^^^^^^^^^^^^^^^^^^^

error: multiple #[nails(query)] definitions
  --> $DIR/from-request-double-queries.rs:14:45
   |
14 |     #[nails(query = "query1rename", query = "query1renamerename")]
   |                                             ^^^^^^^^^^^^^^^^^^^^

error: multiple #[nails(path)] definitions
  --> $DIR/from-request-double-queries.rs:21:34
   |
21 |     #[nails(path = "id1", path = "id2")]
   |                                  ^^^^^

error: could not compile `nails_derive-tests`.
